[    0.000000] Initializing cgroup subsys cpuset
[    0.000000] Initializing cgroup subsys cpu
[    0.000000] Initializing cgroup subsys cpuacct
[    0.000000] Linux version 4.4.0-184-generic (buildd@lgw01-amd64-060) (gcc version 5.4.0 20160609 (Ubuntu 5.4.0-6ubuntu1~16.04.12) ) #214-Ubuntu SMP Thu Jun 4 10:14:11 UTC 2020 (Ubuntu 4.4.0-184.214-generic 4.4.223)
[    0.000000] Command line: BOOT_IMAGE=/boot/vmlinuz-4.4.0-184-generic root=LABEL=cloudimg-rootfs ro console=tty1 console=ttyS0
[    0.000000] KERNEL supported cpus:
[    0.000000]   Intel GenuineIntel
[    0.000000]   AMD AuthenticAMD
[    0.000000]   Centaur CentaurHauls
[    0.000000] x86/fpu: xstate_offset[2]:  576, xstate_sizes[2]:  256
[    0.000000] x86/fpu: Supporting XSAVE feature 0x01: 'x87 floating point registers'
[    0.000000] x86/fpu: Supporting XSAVE feature 0x02: 'SSE registers'
[    0.000000] x86/fpu: Supporting XSAVE feature 0x04: 'AVX registers'
[    0.000000] x86/fpu: Enabled xstate features 0x7, context size is 832 bytes, using 'standard' format.
[    0.000000] e820: BIOS-provided physical RAM map:
[    0.000000] BIOS-e820: [mem 0x0000000000000000-0x000000000009fbff] usable
[    0.000000] BIOS-e820: [mem 0x000000000009fc00-0x000000000009ffff] reserved
[    0.000000] BIOS-e820: [mem 0x00000000000f0000-0x00000000000fffff] reserved
[    0.000000] BIOS-e820: [mem 0x0000000000100000-0x000000003ffeffff] usable
[    0.000000] BIOS-e820: [mem 0x000000003fff0000-0x000000003fffffff] ACPI data
[    0.000000] BIOS-e820: [mem 0x00000000fec00000-0x00000000fec00fff] reserved
[    0.000000] BIOS-e820: [mem 0x00000000fee00000-0x00000000fee00fff] reserved
[    0.000000] BIOS-e820: [mem 0x00000000fffc0000-0x00000000ffffffff] reserved
[    0.000000] NX (Execute Disable) protection: active
[    0.000000] SMBIOS 2.5 present.
[    0.000000] Hypervisor detected: KVM
[    0.000000] e820: last_pfn = 0x3fff0 max_arch_pfn = 0x400000000
[    0.000000] MTRR: Disabled
[    0.000000] x86/PAT: MTRRs disabled, skipping PAT initialization too.
[    0.000000] CPU MTRRs all blank - virtualized system.
[    0.000000] x86/PAT: Configuration [0-7]: WB  WT  UC- UC  WB  WT  UC- UC  
[    0.000000] found SMP MP-table at [mem 0x0009fff0-0x0009ffff] mapped at [ffff88000009fff0]
[    0.000000] Scanning 1 areas for low memory corruption
[    0.000000] RAMDISK: [mem 0x362de000-0x37166fff]
[    0.000000] ACPI: Early table checksum verification disabled
[    0.000000] ACPI: RSDP 0x00000000000E0000 000024 (v02 VBOX  )
[    0.000000] ACPI: XSDT 0x000000003FFF0030 00003C (v01 VBOX   VBOXXSDT 00000001 ASL  00000061)
[    0.000000] ACPI: FACP 0x000000003FFF00F0 0000F4 (v04 VBOX   VBOXFACP 00000001 ASL  00000061)
[    0.000000] ACPI: DSDT 0x000000003FFF0470 002325 (v02 VBOX   VBOXBIOS 00000002 INTL 20100528)
[    0.000000] ACPI: FACS 0x000000003FFF0200 000040
[    0.000000] ACPI: FACS 0x000000003FFF0200 000040
[    0.000000] ACPI: APIC 0x000000003FFF0240 000054 (v02 VBOX   VBOXAPIC 00000001 ASL  00000061)
[    0.000000] ACPI: SSDT 0x000000003FFF02A0 0001CC (v01 VBOX   VBOXCPUT 00000002 INTL 20100528)
[    0.000000] No NUMA configuration found
[    0.000000] Faking a node at [mem 0x0000000000000000-0x000000003ffeffff]
[    0.000000] NODE_DATA(0) allocated [mem 0x3ffeb000-0x3ffeffff]
[    0.000000] kvm-clock: Using msrs 4b564d01 and 4b564d00
[    0.000000] kvm-clock: cpu 0, msr 0:3ffe3001, primary cpu clock
[    0.000000] kvm-clock: using sched offset of 4173246772 cycles
[    0.000000] clocksource: kvm-clock: mask: 0xffffffffffffffff max_cycles: 0x1cd42e4dffb, max_idle_ns: 881590591483 ns
[    0.000000] Zone ranges:
[    0.000000]   DMA      [mem 0x0000000000001000-0x0000000000ffffff]
[    0.000000]   DMA32    [mem 0x0000000001000000-0x000000003ffeffff]
[    0.000000]   Normal   empty
[    0.000000]   Device   empty
[    0.000000] Movable zone start for each node
[    0.000000] Early memory node ranges
[    0.000000]   node   0: [mem 0x0000000000001000-0x000000000009efff]
[    0.000000]   node   0: [mem 0x0000000000100000-0x000000003ffeffff]
[    0.000000] Initmem setup node 0 [mem 0x0000000000001000-0x000000003ffeffff]
[    0.000000] ACPI: PM-Timer IO Port: 0x4008
[    0.000000] IOAPIC[0]: apic_id 1, version 32, address 0xfec00000, GSI 0-23
[    0.000000] ACPI: INT_SRC_OVR (bus 0 bus_irq 0 global_irq 2 dfl dfl)
[    0.000000] ACPI: INT_SRC_OVR (bus 0 bus_irq 9 global_irq 9 low level)
[    0.000000] Using ACPI (MADT) for SMP configuration information
[    0.000000] smpboot: Allowing 1 CPUs, 0 hotplug CPUs
[    0.000000] PM: Registered nosave memory: [mem 0x00000000-0x00000fff]
[    0.000000] PM: Registered nosave memory: [mem 0x0009f000-0x0009ffff]
[    0.000000] PM: Registered nosave memory: [mem 0x000a0000-0x000effff]
[    0.000000] PM: Registered nosave memory: [mem 0x000f0000-0x000fffff]
[    0.000000] e820: [mem 0x40000000-0xfebfffff] available for PCI devices
[    0.000000] Booting paravirtualized kernel on KVM
[    0.000000] clocksource: refined-jiffies: mask: 0xffffffff max_cycles: 0xffffffff, max_idle_ns: 7645519600211568 ns
[    0.000000] setup_percpu: NR_CPUS:512 nr_cpumask_bits:512 nr_cpu_ids:1 nr_node_ids:1
[    0.000000] PERCPU: Embedded 33 pages/cpu @ffff88003fc00000 s95448 r8192 d31528 u2097152
[    0.000000] Built 1 zonelists in Node order, mobility grouping on.  Total pages: 257912
[    0.000000] Policy zone: DMA32
[    0.000000] Kernel command line: BOOT_IMAGE=/boot/vmlinuz-4.4.0-184-generic root=LABEL=cloudimg-rootfs ro console=tty1 console=ttyS0
[    0.000000] PID hash table entries: 4096 (order: 3, 32768 bytes)
[    0.000000] Memory: 997796K/1048120K available (8632K kernel code, 1336K rwdata, 4036K rodata, 1492K init, 1292K bss, 50324K reserved, 0K cma-reserved)
[    0.000000] SLUB: HWalign=64, Order=0-3, MinObjects=0, CPUs=1, Nodes=1
[    0.000000] Kernel/User page tables isolation: enabled
[    0.000000] Hierarchical RCU implementation.
[    0.000000] 	Build-time adjustment of leaf fanout to 64.
[    0.000000] 	RCU restricting CPUs from NR_CPUS=512 to nr_cpu_ids=1.
[    0.000000] RCU: Adjusting geometry for rcu_fanout_leaf=64, nr_cpu_ids=1
[    0.000000] NR_IRQS:33024 nr_irqs:256 16
[    0.000000] Console: colour VGA+ 80x25
[    0.000000] console [tty1] enabled
[    0.000000] console [ttyS0] enabled
[    0.000000] tsc: Detected 2494.226 MHz processor
[    0.273748] Calibrating delay loop (skipped) preset value.. 4988.45 BogoMIPS (lpj=9976904)
[    0.276491] pid_max: default: 32768 minimum: 301
[    0.278016] ACPI: Core revision 20150930
[    0.280117] ACPI: 2 ACPI AML tables successfully acquired and loaded
[    0.285809] Security Framework initialized
[    0.295171] Yama: becoming mindful.
[    0.296682] AppArmor: AppArmor initialized
[    0.298313] Dentry cache hash table entries: 131072 (order: 8, 1048576 bytes)
[    0.302781] Inode-cache hash table entries: 65536 (order: 7, 524288 bytes)
[    0.305454] Mount-cache hash table entries: 2048 (order: 2, 16384 bytes)
[    0.307951] Mountpoint-cache hash table entries: 2048 (order: 2, 16384 bytes)
[    0.310694] Initializing cgroup subsys io
[    0.311718] Initializing cgroup subsys memory
[    0.312716] Initializing cgroup subsys devices
[    0.313803] Initializing cgroup subsys freezer
[    0.314899] Initializing cgroup subsys net_cls
[    0.315969] Initializing cgroup subsys perf_event
[    0.317003] Initializing cgroup subsys net_prio
[    0.319229] Initializing cgroup subsys hugetlb
[    0.321085] Initializing cgroup subsys pids
[    0.323505] mce: CPU supports 0 MCE banks
[    0.324440] process: using mwait in idle threads
[    0.325412] Last level iTLB entries: 4KB 1024, 2MB 1024, 4MB 1024
[    0.326802] Last level dTLB entries: 4KB 1024, 2MB 1024, 4MB 1024, 1GB 4
[    0.328337] Spectre V1 : Mitigation: usercopy/swapgs barriers and __user pointer sanitization
[    0.330117] Spectre V2 : Mitigation: Full generic retpoline
[    0.331236] Spectre V2 : Spectre v2 / SpectreRSB mitigation: Filling RSB on context switch
[    0.333034] Speculative Store Bypass: Vulnerable
[    0.335075] SRBDS: Unknown: Dependent on hypervisor status
[    0.336487] MDS: Mitigation: Clear CPU buffers
[    0.362853] Freeing SMP alternatives memory: 36K
[    0.369677] ftrace: allocating 32319 entries in 127 pages
[    0.440206] smpboot: APIC(0) Converting physical 0 to logical package 0
[    0.442645] smpboot: Max logical packages: 1
[    0.446079] x2apic enabled
[    0.448704] Switched APIC routing to physical x2apic.
[    0.453073] ..TIMER: vector=0x30 apic1=0 pin1=2 apic2=-1 pin2=-1
[    0.564147] smpboot: CPU0: Intel(R) Core(TM) i7-4870HQ CPU @ 2.50GHz (family: 0x6, model: 0x46, stepping: 0x1)
[    0.566914] Performance Events: unsupported p6 CPU model 70 no PMU driver, software events only.
[    0.582359] KVM setup paravirtual spinlock
[    0.584578] x86: Booted up 1 node, 1 CPUs
[    0.586455] smpboot: Total of 1 processors activated (4988.45 BogoMIPS)
[    0.588004] devtmpfs: initialized
[    0.589880] evm: security.selinux
[    0.590656] evm: security.SMACK64
[    0.591403] evm: security.SMACK64EXEC
[    0.592433] evm: security.SMACK64TRANSMUTE
[    0.593378] evm: security.SMACK64MMAP
[    0.594187] evm: security.ima
[    0.594917] evm: security.capability
[    0.595899] clocksource: jiffies: mask: 0xffffffff max_cycles: 0xffffffff, max_idle_ns: 7645041785100000 ns
[    0.598056] futex hash table entries: 256 (order: 2, 16384 bytes)
[    0.599373] pinctrl core: initialized pinctrl subsystem
[    0.601341] RTC time:  4:05:47, date: 11/02/20
[    0.602758] NET: Registered protocol family 16
[    0.604752] cpuidle: using governor ladder
[    0.605780] cpuidle: using governor menu
[    0.606844] PCCT header not found.
[    0.607868] ACPI: bus type PCI registered
[    0.609064] acpiphp: ACPI Hot Plug PCI Controller Driver version: 0.5
[    0.610555] PCI: Using configuration type 1 for base access
[    0.612719] ACPI: Added _OSI(Module Device)
[    0.613646] ACPI: Added _OSI(Processor Device)
[    0.614602] ACPI: Added _OSI(3.0 _SCP Extensions)
[    0.615690] ACPI: Added _OSI(Processor Aggregator Device)
[    0.618099] ACPI: Executed 1 blocks of module-level executable AML code
[    0.621191] ACPI: Interpreter enabled
[    0.622030] ACPI: (supports S0 S5)
[    0.622797] ACPI: Using IOAPIC for interrupt routing
[    0.624219] PCI: Using host bridge windows from ACPI; if necessary, use "pci=nocrs" and report a bug
[    0.629980] ACPI: PCI Root Bridge [PCI0] (domain 0000 [bus 00-ff])
[    0.631203] acpi PNP0A03:00: _OSC: OS supports [ASPM ClockPM Segments MSI]
[    0.633234] acpi PNP0A03:00: _OSC: not requesting OS control; OS requires [ExtendedConfig ASPM ClockPM MSI]
[    0.635674] acpi PNP0A03:00: fail to add MMCONFIG information, can't access extended PCI configuration space under this bridge.
[    0.638974] PCI host bridge to bus 0000:00
[    0.640153] pci_bus 0000:00: root bus resource [io  0x0000-0x0cf7 window]
[    0.641861] pci_bus 0000:00: root bus resource [io  0x0d00-0xffff window]
[    0.643166] pci_bus 0000:00: root bus resource [mem 0x000a0000-0x000bffff window]
[    0.644773] pci_bus 0000:00: root bus resource [mem 0x40000000-0xfdffffff window]
[    0.646410] pci_bus 0000:00: root bus resource [bus 00-ff]
[    0.650323] pci 0000:00:01.1: legacy IDE quirk: reg 0x10: [io  0x01f0-0x01f7]
[    0.652562] pci 0000:00:01.1: legacy IDE quirk: reg 0x14: [io  0x03f6]
[    0.654112] pci 0000:00:01.1: legacy IDE quirk: reg 0x18: [io  0x0170-0x0177]
[    0.655614] pci 0000:00:01.1: legacy IDE quirk: reg 0x1c: [io  0x0376]
[    0.678106] pci 0000:00:07.0: quirk: [io  0x4000-0x403f] claimed by PIIX4 ACPI
[    0.679696] pci 0000:00:07.0: quirk: [io  0x4100-0x410f] claimed by PIIX4 SMB
[    0.688450] ACPI: PCI Interrupt Link [LNKA] (IRQs 5 9 10 *11)
[    0.690288] ACPI: PCI Interrupt Link [LNKB] (IRQs 5 9 *10 11)
[    0.691942] ACPI: PCI Interrupt Link [LNKC] (IRQs 5 *9 10 11)
[    0.693567] ACPI: PCI Interrupt Link [LNKD] (IRQs 5 9 10 *11)
[    0.696285] ACPI: Enabled 2 GPEs in block 00 to 07
[    0.697642] vgaarb: setting as boot device: PCI:0000:00:02.0
[    0.699005] vgaarb: device added: PCI:0000:00:02.0,decodes=io+mem,owns=io+mem,locks=none
[    0.700937] vgaarb: loaded
[    0.701605] vgaarb: bridge control possible 0000:00:02.0
[    0.702930] SCSI subsystem initialized
[    0.703937] ACPI: bus type USB registered
[    0.705270] usbcore: registered new interface driver usbfs
[    0.706511] usbcore: registered new interface driver hub
[    0.707644] usbcore: registered new device driver usb
[    0.708925] PCI: Using ACPI for IRQ routing
[    0.710181] NetLabel: Initializing
[    0.710949] NetLabel:  domain hash size = 128
[    0.712071] NetLabel:  protocols = UNLABELED CIPSOv4
[    0.713481] NetLabel:  unlabeled traffic allowed by default
[    0.714679] amd_nb: Cannot enumerate AMD northbridges
[    0.715786] clocksource: Switched to clocksource kvm-clock
[    0.723635] AppArmor: AppArmor Filesystem Enabled
[    0.724753] pnp: PnP ACPI init
[    0.726472] pnp: PnP ACPI: found 3 devices
[    0.733949] clocksource: acpi_pm: mask: 0xffffff max_cycles: 0xffffff, max_idle_ns: 2085701024 ns
[    0.736878] NET: Registered protocol family 2
[    0.737976] TCP established hash table entries: 8192 (order: 4, 65536 bytes)
[    0.739316] TCP bind hash table entries: 8192 (order: 5, 131072 bytes)
[    0.740701] TCP: Hash tables configured (established 8192 bind 8192)
[    0.742174] UDP hash table entries: 512 (order: 2, 16384 bytes)
[    0.743315] UDP-Lite hash table entries: 512 (order: 2, 16384 bytes)
[    0.744779] NET: Registered protocol family 1
[    0.745903] pci 0000:00:00.0: Limiting direct PCI/PCI transfers
[    0.747252] pci 0000:00:01.0: Activating ISA DMA hang workarounds
[    0.748852] Unpacking initramfs...
[    0.935173] Freeing initrd memory: 14884K
[    0.936383] clocksource: tsc: mask: 0xffffffffffffffff max_cycles: 0x23f3eb3743e, max_idle_ns: 440795257847 ns
[    0.938344] platform rtc_cmos: registered platform RTC device (no PNP device found)
[    0.939929] Scanning for low memory corruption every 60 seconds
[    0.941339] audit: initializing netlink subsys (disabled)
[    0.942407] audit: type=2000 audit(1604289953.491:1): initialized
[    0.943994] Initialise system trusted keyring
[    0.946302] HugeTLB registered 2 MB page size, pre-allocated 0 pages
[    0.948890] zbud: loaded
[    0.949996] VFS: Disk quotas dquot_6.6.0
[    0.951034] VFS: Dquot-cache hash table entries: 512 (order 0, 4096 bytes)
[    0.952797] squashfs: version 4.0 (2009/01/31) Phillip Lougher
[    0.954501] fuse init (API version 7.23)
[    0.957459] Key type big_key registered
[    0.958478] Allocating IMA MOK and blacklist keyrings.
[    0.959820] Key type asymmetric registered
[    0.960767] Asymmetric key parser 'x509' registered
[    0.961832] Block layer SCSI generic (bsg) driver version 0.4 loaded (major 249)
[    0.963473] io scheduler noop registered
[    0.964384] io scheduler deadline registered (default)
[    0.965487] io scheduler cfq registered
[    0.966425] pci_hotplug: PCI Hot Plug PCI Core version: 0.5
[    0.967720] pciehp: PCI Express Hot Plug Controller Driver version: 0.4
[    0.969418] ACPI: AC Adapter [AC] (on-line)
[    0.970382] input: Power Button as /devices/LNXSYSTM:00/LNXPWRBN:00/input/input0
[    0.972082] ACPI: Power Button [PWRF]
[    0.973029] input: Sleep Button as /devices/LNXSYSTM:00/LNXSLPBN:00/input/input1
[    0.974613] ACPI: Sleep Button [SLPF]
[    0.976506] ACPI: Battery Slot [BAT0] (battery present)
[    0.977755] GHES: HEST is not enabled!
[    0.978732] Serial: 8250/16550 driver, 32 ports, IRQ sharing enabled
[    1.000752] 00:02: ttyS0 at I/O 0x3f8 (irq = 4, base_baud = 115200) i a 16550A
[    1.009249] Linux agpgart interface v0.103
[    1.010980] loop: module loaded
[    1.012179] scsi host0: ata_piix
[    1.013011] scsi host1: ata_piix
[    1.013822] ata1: PATA max UDMA/33 cmd 0x1f0 ctl 0x3f6 bmdma 0xd000 irq 14
[    1.015227] ata2: PATA max UDMA/33 cmd 0x170 ctl 0x376 bmdma 0xd008 irq 15
[    1.017163] libphy: Fixed MDIO Bus: probed
[    1.018141] tun: Universal TUN/TAP device driver, 1.6
[    1.019169] tun: (C) 1999-2004 Max Krasnyansky <maxk@qualcomm.com>
[    1.020499] PPP generic driver version 2.4.2
[    1.021502] ehci_hcd: USB 2.0 'Enhanced' Host Controller (EHCI) Driver
[    1.022819] ehci-pci: EHCI PCI platform driver
[    1.023812] ehci-platform: EHCI generic platform driver
[    1.025102] ohci_hcd: USB 1.1 'Open' Host Controller (OHCI) Driver
[    1.026338] ohci-pci: OHCI PCI platform driver
[    1.027280] ohci-platform: OHCI generic platform driver
[    1.028385] uhci_hcd: USB Universal Host Controller Interface driver
[    1.029671] i8042: PNP: PS/2 Controller [PNP0303:PS2K,PNP0f03:PS2M] at 0x60,0x64 irq 1,12
[    1.031782] serio: i8042 KBD port at 0x60,0x64 irq 1
[    1.033011] serio: i8042 AUX port at 0x60,0x64 irq 12
[    1.034202] mousedev: PS/2 mouse device common for all mice
[    1.035567] input: AT Translated Set 2 keyboard as /devices/platform/i8042/serio0/input/input2
[    1.037687] rtc_cmos rtc_cmos: rtc core: registered rtc_cmos as rtc0
[    1.038959] rtc_cmos rtc_cmos: alarms up to one day, 114 bytes nvram
[    1.040268] i2c /dev entries driver
[    1.041066] device-mapper: uevent: version 1.0.3
[    1.042041] device-mapper: ioctl: 4.34.0-ioctl (2015-10-28) initialised: dm-devel@redhat.com
[    1.043744] ledtrig-cpu: registered to indicate activity on CPUs
[    1.045420] NET: Registered protocol family 10
[    1.046665] NET: Registered protocol family 17
[    1.047990] Key type dns_resolver registered
[    1.049255] registered taskstats version 1
[    1.050197] Loading compiled-in X.509 certificates
[    1.051769] Loaded X.509 cert 'Build time autogenerated kernel key: b6ae09eed57f82583ccd3c65c463e852cdd7a0b5'
[    1.053875] zswap: loaded using pool lzo/zbud
[    1.056279] Key type trusted registered
[    1.059453] Key type encrypted registered
[    1.060414] AppArmor: AppArmor sha1 policy hashing enabled
[    1.061544] ima: No TPM chip found, activating TPM-bypass!
[    1.062677] ima: Allocated hash algorithm: sha1
[    1.064200] evm: HMAC attrs: 0x1
[    1.065441]   Magic number: 12:115:59
[    1.066391] rtc_cmos rtc_cmos: setting system clock to 2020-11-02 04:05:48 UTC (1604289948)
[    1.068326] BIOS EDD facility v0.16 2004-Jun-25, 0 devices found
[    1.069621] EDD information not available.
[    1.195012] Freeing unused kernel memory: 1492K
[    1.195978] Write protecting the kernel read-only data: 14336k
[    1.197636] Freeing unused kernel memory: 1596K
[    1.198844] Freeing unused kernel memory: 60K
Loading, please wait...
starting version 229
[    1.213012] random: udevadm: uninitialized urandom read (16 bytes read, 2 bits of entropy available)
[    1.217436] random: systemd-udevd: uninitialized urandom read (16 bytes read, 2 bits of entropy available)
[    1.220450] random: systemd-udevd: uninitialized urandom read (16 bytes read, 2 bits of entropy available)
[    1.223012] random: systemd-udevd: uninitialized urandom read (16 bytes read, 2 bits of entropy available)
[    1.225688] random: udevadm: uninitialized urandom read (16 bytes read, 2 bits of entropy available)
[    1.228567] random: systemd-udevd: uninitialized urandom read (16 bytes read, 2 bits of entropy available)
[    1.236633] random: systemd-udevd: uninitialized urandom read (16 bytes read, 2 bits of entropy available)
[    1.239953] random: systemd-udevd: uninitialized urandom read (16 bytes read, 2 bits of entropy available)
[    1.243887] random: systemd-udevd: uninitialized urandom read (16 bytes read, 2 bits of entropy available)
[    1.247067] random: udevadm: uninitialized urandom read (16 bytes read, 2 bits of entropy available)
[    1.311155] e1000: Intel(R) PRO/1000 Network Driver - version 7.3.21-k8-NAPI
[    1.312939] e1000: Copyright (c) 1999-2006 Intel Corporation.
[    1.320231] Fusion MPT base driver 3.04.20
[    1.321150] Copyright (c) 1999-2008 LSI Corporation
[    1.343442] Fusion MPT SPI Host driver 3.04.20
[    1.376540] AVX2 version of gcm_enc/dec engaged.
[    1.377547] AES CTR mode by8 optimization enabled
[    1.530472] input: ImExPS/2 Generic Explorer Mouse as /devices/platform/i8042/serio1/input/input4
[    1.749408] e1000 0000:00:03.0 eth0: (PCI:33MHz:32-bit) 02:da:92:60:70:7f
[    1.750967] e1000 0000:00:03.0 eth0: Intel(R) PRO/1000 Network Connection
[    1.753748] mptbase: ioc0: Initiating bringup
[    1.816087] ioc0: LSI53C1030 A0: Capabilities={Initiator}
[    1.976695] scsi host2: ioc0: LSI53C1030 A0, FwRev=00000000h, Ports=1, MaxQ=256, IRQ=20
[    2.089862] scsi 2:0:0:0: Direct-Access     VBOX     HARDDISK         1.0  PQ: 0 ANSI: 5
[    2.092483] scsi target2:0:0: Beginning Domain Validation
[    2.096048] scsi target2:0:0: Domain Validation skipping write tests
[    2.097726] scsi target2:0:0: Ending Domain Validation
[    2.098946] scsi target2:0:0: asynchronous
[    2.100992] scsi 2:0:1:0: Direct-Access     VBOX     HARDDISK         1.0  PQ: 0 ANSI: 5
[    2.103590] scsi target2:0:1: Beginning Domain Validation
[    2.106717] scsi target2:0:1: Domain Validation skipping write tests
[    2.107984] scsi target2:0:1: Ending Domain Validation
[    2.109132] scsi target2:0:1: asynchronous
[    2.113631] sd 2:0:0:0: Attached scsi generic sg0 type 0
[    2.127389] sd 2:0:0:0: [sda] 20971520 512-byte logical blocks: (10.7 GB/10.0 GiB)
[    2.138821] sd 2:0:0:0: [sda] Write Protect is off
[    2.144328] sd 2:0:0:0: [sda] Incomplete mode parameter data
[    2.145479] sd 2:0:0:0: [sda] Assuming drive cache: write through
[    2.146997] sd 2:0:1:0: Attached scsi generic sg1 type 0
[    2.148283] sd 2:0:1:0: [sdb] 20480 512-byte logical blocks: (10.5 MB/10.0 MiB)
[    2.150424] sd 2:0:1:0: [sdb] Write Protect is off
[    2.151629] sd 2:0:1:0: [sdb] Incomplete mode parameter data
[    2.152981] sd 2:0:1:0: [sdb] Assuming drive cache: write through
[    2.155030]  sda: sda1
[    2.156716] sd 2:0:0:0: [sda] Attached SCSI disk
[    2.158203] sd 2:0:1:0: [sdb] Attached SCSI disk
[    2.550694] e1000 0000:00:08.0 eth1: (PCI:33MHz:32-bit) 08:00:27:8a:da:d8
[    2.553065] e1000 0000:00:08.0 eth1: Intel(R) PRO/1000 Network Connection
[    2.556647] e1000 0000:00:08.0 enp0s8: renamed from eth1
[    2.561040] e1000 0000:00:03.0 enp0s3: renamed from eth0
Begin: Loading essential drivers ... [    3.844927] md: linear personality registered for level -1
[    3.848923] md: multipath personality registered for level -4
[    3.852937] md: raid0 personality registered for level 0
[    3.858198] md: raid1 personality registered for level 1
[    3.933661] raid6: sse2x1   gen()  9630 MB/s
[    4.000276] raid6: sse2x1   xor()  6736 MB/s
[    4.067954] raid6: sse2x2   gen()  8584 MB/s
[    4.135949] raid6: sse2x2   xor()  8148 MB/s
[    4.203997] raid6: sse2x4   gen() 14998 MB/s
[    4.272040] raid6: sse2x4   xor() 10127 MB/s
[    4.344434] raid6: avx2x1   gen() 20647 MB/s
[    4.413366] raid6: avx2x2   gen() 23267 MB/s
[    4.479844] raid6: avx2x4   gen() 23905 MB/s
[    4.480755] raid6: using algorithm avx2x4 gen() 23905 MB/s
[    4.481816] raid6: using avx2x2 recovery algorithm
[    4.485433] xor: automatically using best checksumming function:
[    4.523844]    avx       : 30049.000 MB/sec
[    4.526441] async_tx: api initialized (async)
[    4.538261] md: raid6 personality registered for level 6
[    4.539510] md: raid5 personality registered for level 5
[    4.540777] md: raid4 personality registered for level 4
[    4.547229] md: raid10 personality registered for level 10
done.
Begin: Running /scripts/init-premount ... done.
Begin: Mounting root file system ... Begin: Running /scripts/local-top ... done.
Begin: Running /scripts/local-premount ... [    4.579939] Btrfs loaded
Scanning for Btrfs filesystems
done.
Warning: fsck not present, so skipping root file system
[    4.610318] EXT4-fs (sda1): mounted filesystem with ordered data mode. Opts: (null)
done.
Begin: Running /scripts/local-bottom ... done.
Begin: Running /scripts/init-bottom ... done.
[    4.706144] systemd[1]: systemd 229 running in system mode. (+PAM +AUDIT +SELINUX +IMA +APPARMOR +SMACK +SYSVINIT +UTMP +LIBCRYPTSETUP +GCRYPT +GNUTLS +ACL +XZ -LZ4 +SECCOMP +BLKID +ELFUTILS +KMOD -IDN)
[    4.709799] systemd[1]: Detected virtualization oracle.
[    4.710887] systemd[1]: Detected architecture x86-64.

Welcome to [1mUbuntu 16.04.6 LTS[0m!

[    4.714821] systemd[1]: Set hostname to <ubuntu>.
[    4.719617] systemd[1]: Initializing machine ID from random generator.
[    4.721058] systemd[1]: Installed transient /etc/machine-id file.
[    4.847617] systemd[1]: Set up automount Arbitrary Executable File Formats File System Automount Point.
[[0;32m  OK  [0m] Set up automount Arbitrary Executab...ats File System Automount Point.
[    4.853035] systemd[1]: Listening on Syslog Socket.
[[0;32m  OK  [0m] Listening on Syslog Socket.
[    4.856178] systemd[1]: Started Trigger resolvconf update for networkd DNS.
[[0;32m  OK  [0m] Started Trigger resolvconf update for networkd DNS.
[    4.859828] systemd[1]: Listening on Journal Audit Socket.
[[0;32m  OK  [0m] Listening on Journal Audit Socket.
[    4.863072] systemd[1]: Created slice System Slice.
[[0;32m  OK  [0m] Created slice System Slice.
[    4.866010] systemd[1]: Listening on Journal Socket (/dev/log).
[[0;32m  OK  [0m] Listening on Journal Socket (/dev/log).
[    4.869397] systemd[1]: Reached target User and Group Name Lookups.
[[0;32m  OK  [0m] Reached target User and Group Name Lookups.
[    4.873848] systemd[1]: Created slice User and Session Slice.
[[0;32m  OK  [0m] Created slice User and Session Slice.
[    4.877120] systemd[1]: Reached target Slices.
[[0;32m  OK  [0m] Reached target Slices.
[    4.879974] systemd[1]: Created slice system-serial\x2dgetty.slice.
[[0;32m  OK  [0m] Created slice system-serial\x2dgetty.slice.
[    4.882710] systemd[1]: Started Forward Password Requests to Wall Directory Watch.
[[0;32m  OK  [0m] Started Forward Password Requests to Wall Directory Watch.
[    4.886361] systemd[1]: Reached target Swap.
[[0;32m  OK  [0m] Reached target Swap.
[    4.888766] systemd[1]: Listening on LVM2 poll daemon socket.
[[0;32m  OK  [0m] Listening on LVM2 poll daemon socket.
[    4.901638] systemd[1]: Listening on LVM2 metadata daemon socket.
[[0;32m  OK  [0m] Listening on LVM2 metadata daemon socket.
[    4.909193] systemd[1]: Listening on Device-mapper event daemon FIFOs.
[[0;32m  OK  [0m] Listening on Device-mapper event daemon FIFOs.
[    4.916237] systemd[1]: Listening on /dev/initctl Compatibility Named Pipe.
[[0;32m  OK  [0m] Listening on /dev/initctl Compatibility Named Pipe.
[    4.923253] systemd[1]: Listening on udev Control Socket.
[[0;32m  OK  [0m] Listening on udev Control Socket.
[    4.932202] systemd[1]: Reached target System Time Synchronized.
[[0;32m  OK  [0m] Reached target System Time Synchronized.
[    4.944417] systemd[1]: Reached target Encrypted Volumes.
[[0;32m  OK  [0m] Reached target Encrypted Volumes.
[    4.947373] systemd[1]: Listening on Journal Socket.
[[0;32m  OK  [0m] Listening on Journal Socket.
[    4.952534] systemd[1]: Starting Create list of required static device nodes for the current kernel...
         Starting Create list of required st... nodes for the current kernel...
[    4.968920] systemd[1]: Starting Monitoring of LVM2 mirrors, snapshots etc. using dmeventd or progress polling...
         Starting Monitoring of LVM2 mirrors... dmeventd or progress polling...
[    4.978005] systemd[1]: Starting Load Kernel Modules...
         Starting Load Kernel Modules...
[    4.983578] systemd[1]: Starting Uncomplicated firewall...
         Starting Uncomplicated firewall...
[    4.993502] Loading iSCSI transport class v2.0-870.
[    4.995248] systemd[1]: Starting Journal Service...
         Starting Journal Service...
[    5.001783] systemd[1]: Mounting POSIX Message Queue File System...
         Mounting POSIX Message Queue File System...
[    5.009992] systemd[1]: Starting Nameserver information manager...
         Starting Nameserver information manager...
[    5.018195] systemd[1]: Starting Set console keymap...
         Starting Set console keymap...
[    5.025914] systemd[1]: Mounting Debug File System...
         Mounting Debug File System...[    5.029434] iscsi: registered transport (tcp)

[    5.032486] systemd[1]: Mounting Huge Pages File System...
         Mounting Huge Pages File System...
[    5.038911] systemd[1]: Starting Remount Root and Kernel File Systems...
         Starting Remount Root and Kernel File Systems...
[    5.050490] EXT4-fs (sda1): re-mounted. Opts: (null)
[    5.053005] systemd[1]: Listening on udev Kernel Socket.
[[0;32m  OK  [0m] Listening on udev Kernel Socket.
[    5.059710] systemd[1]: Mounted Debug File System.
[[0;32m  OK  [0m] Mounted Debug File System.
[    5.061904] systemd[1]: Mounted POSIX Message Queue File System.
[[0;32m  OK  [0m] Mounted POSIX Message Queue File System.
[    5.069642] systemd[1]: Mounted Huge Pages File System.
[[0;32m  OK  [0m] Mounted Huge Pages File System.
[    5.076381] systemd[1]: Started Create list of required static device nodes for the current kernel.
[[0;32m  OK  [0m] Started Create list of required sta...ce nodes for the current kernel.
[    5.083501] systemd[1]: Started Uncomplicated firewall.
[[0;32m  OK  [0m] Started Uncomplicated firewall.
[    5.086775] systemd[1]: Started Remount Root and Kernel File Systems.
[[0;32m  OK  [0m] Started Remount Root and Kernel File Systems.
[    5.095855] systemd[1]: Started Journal Service.
[[0;32m  OK  [0m] Started Journal Service.
[[0;32m  OK  [0m] Started Nameserver information manager.
[[0;32m  OK  [0m] Started LVM2 metadata daemon.
         Starting udev Coldplug all Devices...
         Starting Flush Journal to Persistent Storage...
         Starting Load/Save Random Seed...
         Starting Create Static Device Nodes in /dev...
[    5.149291] systemd-journald[387]: Received request to flush runtime journal from PID 1
[[0;32m  OK  [0m] Started Load/Save Random Seed.
[[0;32m  OK  [0m] Started Flush Journal to Persistent Storage.
[[0;32m  OK  [0m] Started Create Static Device Nodes in /dev.
         Starting udev Kernel Device Manager...
[    5.199959] iscsi: registered transport (iser)
[[0;32m  OK  [0m] Started Load Kernel Modules.
         Starting Apply Kernel Variables...
         Mounting FUSE Control File System...
[[0;32m  OK  [0m] Mounted FUSE Control File System.
[[0;32m  OK  [0m] Started Apply Kernel Variables.
[[0;32m  OK  [0m] Started udev Kernel Device Manager.
[[0;32m  OK  [0m] Started Set console keymap.
[[0;32m  OK  [0m] Started udev Coldplug all Devices.
[[0;32m  OK  [0m] Started Dispatch Password Requests to Console Directory Watch.
[[0;32m  OK  [0m] Found device /dev/ttyS0.
[[0;32m  OK  [0m] Listening on Load/Save RF Kill Switch Status /dev/rfkill Watch.
[[0;32m  OK  [0m] Started Monitoring of LVM2 mirrors,...ng dmeventd or progress polling.
[[0;32m  OK  [0m] Reached target Local File Systems (Pre).
[[0;32m  OK  [0m] Reached target Local File Systems.
         Starting Initial cloud-init job (pre-networking)...
         Starting Commit a transient machine-id on disk...
         Starting LSB: AppArmor initialization...
         Starting Set console font and keymap...
         Starting Tell Plymouth To Write Out Runtime Data...
         Starting Create Volatile Files and Directories...
[[0;32m  OK  [0m] Started Commit a transient machine-id on disk.
[[0;32m  OK  [0m] Started Tell Plymouth To Write Out Runtime Data.
[[0;32m  OK  [0m] Started Create Volatile Files and Directories.
         Starting Update UTMP about System Boot/Shutdown...
[[0;32m  OK  [0m] Started Update UTMP about System Boot/Shutdown.
[    6.978764] cloud-init[539]: Cloud-init v. 19.4-33-gbb4131a2-0ubuntu1~16.04.1 running 'init-local' at Mon, 02 Nov 2020 04:05:54 +0000. Up 6.26 seconds.
[[0;32m  OK  [0m] Started Initial cloud-init job (pre-networking).
[[0;32m  OK  [0m] Reached target Network (Pre).
[[0;32m  OK  [0m] Started LSB: AppArmor initialization.
         Starting Raise network interfaces...
[[0;32m  OK  [0m] Started Set console font and keymap.
[[0;32m  OK  [0m] Created slice system-getty.slice.
[[0;32m  OK  [0m] Started Raise network interfaces.
[[0;32m  OK  [0m] Reached target Network.
         Starting Initial cloud-init job (metadata service crawler)...
[    8.242886] cloud-init[975]: Cloud-init v. 19.4-33-gbb4131a2-0ubuntu1~16.04.1 running 'init' at Mon, 02 Nov 2020 04:05:55 +0000. Up 7.82 seconds.
[    8.245315] cloud-init[975]: ci-info: ++++++++++++++++++++++++++++++++++++++Net device info+++++++++++++++++++++++++++++++++++++++
[    8.252306] cloud-init[975]: ci-info: +--------+-------+----------------------------+---------------+--------+-------------------+
[    8.260439] cloud-init[975]: ci-info: | Device |   Up  |          Address           |      Mask     | Scope  |     Hw-Address    |
[    8.262231] cloud-init[975]: ci-info: +--------+-------+----------------------------+---------------+--------+-------------------+
[    8.268301] cloud-init[975]: ci-info: | enp0s3 |  True |         10.0.2.15          | 255.255.255.0 | global | 02:da:92:60:70:7f |
[    8.270920] cloud-init[975]: ci-info: | enp0s3 |  True | fe80::da:92ff:fe60:707f/64 |       .       |  link  | 02:da:92:60:70:7f |
[    8.276454] cloud-init[975]: ci-info: | enp0s8 | False |             .              |       .       |   .    | 08:00:27:8a:da:d8 |
[    8.280223] cloud-init[975]: ci-info: |   lo   |  True |         127.0.0.1          |   255.0.0.0   |  host  |         .         |
[    8.284604] cloud-init[975]: ci-info: |   lo   |  True |          ::1/128           |       .       |  host  |         .         |
[    8.292458] cloud-init[975]: ci-info: +--------+-------+----------------------------+---------------+--------+-------------------+
[    8.300434] cloud-init[975]: ci-info: +++++++++++++++++++++++++++Route IPv4 info++++++++++++++++++++++++++++
[    8.308388] cloud-init[975]: ci-info: +-------+-------------+----------+---------------+-----------+-------+
[    8.310159] cloud-init[975]: ci-info: | Route | Destination | Gateway  |    Genmask    | Interface | Flags |
[    8.312808] cloud-init[975]: ci-info: +-------+-------------+----------+---------------+-----------+-------+
[    8.320916] cloud-init[975]: ci-info: |   0   |   0.0.0.0   | 10.0.2.2 |    0.0.0.0    |   enp0s3  |   UG  |
[[0;32m  OK  [0m] Started Initial cloud-init job (metadata service crawler).
[[0;32m  OK  [0m] Reached target Network is Online.
[    8.326494] cloud-init[975]: ci-info: |   1   |   10.0.2.0  | 0.0.0.0  | 255.255.255.0 |   enp0s3  |   U   |
[    8.328525] cloud-init[975]: ci-info: +-------+-------------+----------+---------------+-----------+-------+
         Starting iSCSI initiator daemon (iscsid)...
[[0;32m  OK  [0m] Reached target Cloud-config availability.
[[0;32m  OK  [0m] Reached target System Initialization.
[[0;32m  OK  [0m[    8.332118] cloud-init[975]: ci-info: +++++++++++++++++++Route IPv6 info+++++++++++++++++++
[    8.341914] cloud-init[975]: ci-info: +-------+-------------+---------+-----------+-------+
[    8.343073] cloud-init[975]: ci-info: | Route | Destination | Gateway | Interface | Flags |
[    8.344014] ] Listening on ACPID Listen Socket.
[[0;32m  OK  [0m] Started Daily apt download activities.
[[0;32m  OK  [0m] Started Daily apt upgrade and clean activities.
         Starting Socket activation for snappy daemon.
[[0;32m  OK  [0m] Listening on UUID daemon activation socket.cloud-init[975]: ci-info: +-------+-------------+---------+-----------+-------+
[    8.350216] cloud-init[975]: ci-info: |   0   |  fe80::/64  |    ::   |   enp0s3  |   U   |
[    8.351273] cloud-init[975]: ci-info: |   3   |   ff00::/8  |    ::   |   enp0s3  |   U   |

[[0;32m  OK  [0m] Listening on D-Bus System Message Bus Socket.
[[0;32m  OK  [0m] Started ACPI Events Check.
[[0;32m  OK  [0m] Reached target Paths.
[    8.355982] cloud-init[975]: ci-info: +-------+-------------+---------+-----------+-------+[[0;32m  OK  [0m] Started Message of the Day.

[    8.366140] cloud-init[975]: Generating public/private rsa key pair.
         Starting LXD - unix socket.
[[0;32m  OK  [0m] Started Daily Cleanup of Temporary Directories.
[    8.371269] cloud-init[975]: Your identification has been saved in /etc/ssh/ssh_host_rsa_key.
[[0;32m  OK  [0m[    8.376475] cloud-init[975]: Your public key has been saved in /etc/ssh/ssh_host_rsa_key.pub.
[    8.378555] cloud-init[975]: The key fingerprint is:
[    8.380064] ] Reached target Timers.
[[0;32m  OK  [0m] Listening on Socket activation for snappy daemon.
[[0;32m  OK  [0m] Listening on LXD - unix socket.cloud-init[975]: SHA256:K9ybIpdX5TJ4dt+8p3XSiA5sLrtiE5/ao8autmwzEvM root@ubuntu-xenial
[    8.387723] cloud-init[975]: The key's randomart image is:

[[0;32m  OK  [0m] Reached target Sockets.
[[0;32m  OK  [0m] Reached target Basic System.
[    8.392474] cloud-init[975]: +---[RSA 2048]----+
[    8.393553] cloud-init[975]: |                 |         Starting Accounts Service...
         Starting LSB: MD monitoring daemon...
[    8.397073] cloud-init[975]: |                 |
[    8.398487] cloud-init[975]: |                 |

         Starting LXD - container startup/shutdown...
         Starting Pollinate to seed the pseudo random number generator...
         Starting System Logging Service...
[[0;32m  OK  [0m] Started D-Bus System Message Bus.
[    8.443310] cloud-init[975]: |            .    |
[    8.459120] cloud-init[975]: |        S. o     |
[    8.474983] cloud-init[975]: |  o  ....o* o. o |
[    8.481317] cloud-init[975]: |   + .o+o=++..oo+|
[    8.485774] cloud-init[975]: |  ..E Xo*= o  .o=|         Starting Virtualbox guest utils...
[[0;32m  OK  [0m] Started ACPI event daemon.
[[0;32m  OK  [0m] Started Deferred execution scheduler.
         Starting Login Service...

[[0;32m  OK  [0m] Started FUSE filesystem for LXC.
[[0;32m  OK  [0m] Started Regular background program processing daemon.
         Starting LSB: Record successful boot for GRUB...
         Starting /etc/rc.local Compatibility...
         Starting Snappy daemon...
[[0;32m  OK  [0m] Started System Logging Service.
[[0;32m  OK  [0m] Started iSCSI initiator daemon (iscsid).
[[0;32m  OK  [0m] Started /etc/rc.local Compatibility.
         Starting Login to default iSCSI targets...
[    8.578673] cloud-init[[0;32m  OK  [0m] Started Login Service.
[[0;32m  OK  [0m] Started Unattended Upgrades Shutdown.
[975]: [[0;32m  OK  [0m] Started Login to default iSCSI targets.
[[0;32m  OK  [0m] Reached target Remote File Systems (Pre).
[[0;32m  OK  [0m] Reached target Remote File Systems.
         Starting LSB: automatic crash report generation...
|   ++@+B*=. . .oo|
         Starting LSB: Set the CPU Frequency Scaling governor to "ondemand"...
         Starting LSB: daemon to balance interrupts for SMP systems...
         Starting Permit User Sessions...
[[0;32m  OK  [0m] Started LSB: MD monitoring daemon.
[[0;32m  OK  [0m] Started Permit User Sessions.
         Starting Hold until boot process finishes up...
         Starting Terminate Plymouth Boot Screen...[    8.641204] cloud-init[975]: +----[SHA256]-----+

[[0;32m  OK  [0m] Started Hold until boot process finishes up.
         Starting Authenticate and Authorize Users to Run Privileged Tasks...
[[0;32m  OK  [0m] Started Getty on tty1.
[    8.669543] [[0;32m  OK  [0m] Started Serial Getty on ttyS0.
[[0;32m  OK  [0m] Reached target Login Prompts.
         Starting Set console scheme...
[[0;32m  OK  [0m] Started Terminate Plymouth Boot Screen.
[[0;32m  OK  [0m] Started Set console scheme.
cloud-init[975]: Generating public/private dsa key pair.
[[0;32m  OK  [0m] Started LSB: Set the CPU Frequency Scaling governor to "ondemand".
[    8.714627] cloud-init[975]: Your identification has been saved in /etc/ssh/ssh_host_dsa_key.[[0;32m  OK  [0m] Started LXD - container startup/shutdown.

[[0;32m  OK  [0m] Started Authenticate and Authorize Users to Run Privileged Tasks.
[[0;32m  OK  [0m] Started Accounts Service.
[    8.740361] cloud-init[975]: Your public key has been saved in /etc/ssh/ssh_host_dsa_key.pub.
[[0;32m  OK  [0m] Started LSB: daemon to balance interrupts for SMP systems.
[    8.755887] cloud-init[975]: The key fingerprint is:
[[0;32m  OK  [0m] Started LSB: Record successful boot for GRUB.
[[0;32m  OK  [0m] Started LSB: automatic crash report generation.
[    8.769287] cloud-init[975]: SHA256:1GY2KPqSECPT7iemgS9gI+LUfiYcJ0pFDXrmG1Q6BOg root@ubuntu-xenial
[    8.780979] cloud-init[975]: The key's randomart image is:
[    8.789843] cloud-init[975]: +---[DSA 1024]----+
[    8.798244] cloud-init[975]: |...oo.           |
[    8.804173] cloud-init[975]: |..o.o.   o       |
[    8.809363] cloud-init[975]: |+.=*  . o *      |
[    8.815089] cloud-init[975]: | E=+.. o + .     |
[    8.824454] cloud-init[975]: |  =o.   S        |
[    8.829852] cloud-init[975]: |=* =o+           |
[    8.835335] cloud-init[975]: |@ O.B .          |
[    8.840390] cloud-init[975]: |.B * +           |
[    8.844216] cloud-init[975]: |... +            |
[    8.850174] cloud-init[975]: +----[SHA256]-----+
[    8.863859] cloud-init[975]: Generating public/private ecdsa key pair.
[    8.870785] cloud-init[975]: Your identification has been saved in /etc/ssh/ssh_host_ecdsa_key.
[    8.889535] cloud-init[975]: Your public key has been saved in /etc/ssh/ssh_host_ecdsa_key.pub.
[    8.898267] cloud-init[975]: The key fingerprint is:
[    8.910180] cloud-init[975]: SHA256:FUmV9diI5dV1IRdhvKQwaWcGkOqYQ3CRc5yB0c6kfCk root@ubuntu-xenial
[[0;32m  OK  [0m] Started Virtualbox guest utils.
[    8.924025] cloud-init[975]: The key's randomart image is:
[    8.930767] cloud-init[975]: +---[ECDSA 256]---+
[    8.935059] cloud-init[975]: |     oB.oo=++++*X|
[    8.948331] cloud-init[975]: |   . = * ..*.B+Oo|
[    8.951028] cloud-init[975]: |    + B o o B * +|
[    8.954937] cloud-init[975]: |     E * .   . . |
[    8.956605] cloud-init[975]: |    . * S        |
[    8.972189] cloud-init[975]: |     + .         |
[    8.972996] cloud-init[975]: |      .          |
[    8.973973] cloud-init[975]: |                 |
[    8.974992] cloud-init[975]: |                 |
[    8.975718] cloud-init[[0;32m  OK  [0m] Started Snappy daemon.
         Starting Wait until snapd is fully seeded...
[975]: +----[SHA256]-----+
[    8.993027] cloud-init[975]: Generating public/private ed25519 key pair.
[    8.995260] cloud-init[975]: Your identification has been saved in /etc/ssh/ssh_host_ed25519_key.
[    8.999776] cloud-init[975]: Your public key has been saved in /etc/ssh/ssh_host_ed25519_key.pub.
[    9.008645] cloud-init[975]: The key fingerprint is:
[    9.010870] cloud-init[975]: SHA256:1NshSRacIO6ZGZbQdMGRtXnym4voqqfp11FbkaNzOco root@ubuntu-xenial
[    9.012751] cloud-init[975]: The key's randomart image is:
[    9.018710] cloud-init[975]: +--[ED25519 256]--+
[    9.023633] cloud-init[975]: |    .oo.=B=o .   |
[    9.026434] cloud-init[975]: |     o.+o+o++    |
[    9.032622] cloud-init[975]: |      = . B.o+   |
[    9.038941] cloud-init[975]: |     o *  +B=.   |
[    9.042120] cloud-init[975]: |      = So.*o.   |
[    9.048016] cloud-init[975]: |        . E  o   |
[    9.051147] cloud-init[975]: |       . .  o    |
[    9.052878] cloud-init[975]: |     .o .. . .   |
[    9.055629] cloud-init[975]: |   .==.oo . .    |
[    9.058122] cloud-init[975]: +----[SHA256]-----+
[[0;32m  OK  [0m] Started Pollinate to seed the pseudo random number generator.
         Starting OpenBSD Secure Shell server...
[[0;32m  OK  [0m] Started OpenBSD Secure Shell server.
[[0;32m  OK  [0m] Created slice User Slice of vagrant.
         Starting User Manager for UID 1000...
[[0;32m  OK  [0m] Started Session 1 of user vagrant.
[[0;32m  OK  [0m] Started User Manager for UID 1000.

Ubuntu 16.04.6 LTS ubuntu-xenial ttyS0

ubuntu-xenial login: [   15.845640] cloud-init[1750]: Generating locales (this might take a while)...
[   16.495796] cloud-init[1750]:   en_US.UTF-8... done
[   16.497583] cloud-init[1750]: Generation complete.
[   16.766303] cloud-init[1750]: Cloud-init v. 19.4-33-gbb4131a2-0ubuntu1~16.04.1 running 'modules:config' at Mon, 02 Nov 2020 04:06:03 +0000. Up 15.76 seconds.
ci-info: no authorized SSH keys fingerprints found for user ubuntu.
<14>Nov  2 04:06:04 ec2: 
<14>Nov  2 04:06:04 ec2: #############################################################
<14>Nov  2 04:06:04 ec2: -----BEGIN SSH HOST KEY FINGERPRINTS-----
<14>Nov  2 04:06:04 ec2: 1024 SHA256:1GY2KPqSECPT7iemgS9gI+LUfiYcJ0pFDXrmG1Q6BOg root@ubuntu-xenial (DSA)
<14>Nov  2 04:06:04 ec2: 256 SHA256:FUmV9diI5dV1IRdhvKQwaWcGkOqYQ3CRc5yB0c6kfCk root@ubuntu-xenial (ECDSA)
<14>Nov  2 04:06:04 ec2: 256 SHA256:1NshSRacIO6ZGZbQdMGRtXnym4voqqfp11FbkaNzOco root@ubuntu-xenial (ED25519)
<14>Nov  2 04:06:04 ec2: 2048 SHA256:K9ybIpdX5TJ4dt+8p3XSiA5sLrtiE5/ao8autmwzEvM root@ubuntu-xenial (RSA)
<14>Nov  2 04:06:04 ec2: -----END SSH HOST KEY FINGERPRINTS-----
<14>Nov  2 04:06:04 ec2: #############################################################
-----BEGIN SSH HOST KEY KEYS-----
ecdsa-sha2-nistp256 AAAAE2VjZHNhLXNoYTItbmlzdHAyNTYAAAAIbmlzdHAyNTYAAABBBMUMcRB8jlxNV3Mpy7IzbwzK//vre+RBln/CupWUbOJB4kanAQtVLiTp/qNklY6UAWpin4OptFmLFb0wFO5Ume0= root@ubuntu-xenial
ssh-ed25519 AAAAC3NzaC1lZDI1NTE5AAAAIFuCMx6XaCJXJ0NmjrjRW6MFa6ooC3+SkdW7OAhVPpqi root@ubuntu-xenial
ssh-rsa AAAAB3NzaC1yc2EAAAADAQABAAABAQDg/16DkLf0fF4YdF/KBuOMp9Fmt1MDHA5msZ+OJUurzwkG5iwFtSdoBOilx4X0MwZpXgdAqz7J+zSY6Z36Z4eo+4+Eh9ogqGaI44V8DbPfICqj8o/W2lzd7GIKiH4tTpCmbUaRKWW9QgwuwsZHRXPxsz6TC8N5odosxoKWpP1nWnu1vqTeHDeP2gddvicRdtN3ByjIiZpX48zuDQfFjStrHxYDkzE52TSPorD2A6kPXIbM4E/3q+w4V08s7IZ4YPG5bdDX9sBKa6kv7RIeenKWcgm+W3FzGFBZ5XWWG22cE4k0bE9Tw2VNY7CbyZRqEpDdphZ6L9uPXug4ICOm+bAV root@ubuntu-xenial
-----END SSH HOST KEY KEYS-----
[   17.156785] cloud-init[1793]: Cloud-init v. 19.4-33-gbb4131a2-0ubuntu1~16.04.1 running 'modules:final' at Mon, 02 Nov 2020 04:06:04 +0000. Up 17.03 seconds.
[   17.158963] cloud-init[1793]: ci-info: no authorized SSH keys fingerprints found for user ubuntu.
[   17.160107] cloud-init[1793]: Cloud-init v. 19.4-33-gbb4131a2-0ubuntu1~16.04.1 finished at Mon, 02 Nov 2020 04:06:04 +0000. Datasource DataSourceNoCloud [seed=/dev/sdb][dsmode=net].  Up 17.15 seconds
